"Test log" 
